========== New Cold Start Attempt (2026-08-01T11:57:55.0547603+00:00) ==========
2026-08-01T11:57:55.0547603+00:00 ContainerStatus: State: Starting, Action: EstablishingSiteNetworks, LastError: , LastErrorTimestamp: 01/01/0001 00:00:00, LastErrorDetails: , Details: , DetailsLevel: INFO
2026-08-01T11:57:59.9907939+00:00 ContainerStatus: State: Starting, Action: StartingSiteContainers, LastError: , LastErrorTimestamp: 01/01/0001 00:00:00, LastErrorDetails: , Details: , DetailsLevel: INFO
2026-08-01T11:57:59.9909637+00:00 ContainerStatus: Container start method called.
2026-08-01T11:57:59.9910726+00:00 ContainerStatus: State: Starting, Action: PullingImage, LastError: , LastErrorTimestamp: 01/01/0001 00:00:00, LastErrorDetails: , Details: Pulling image 10.1.0.5:13209/appsvc/dotnetcore:9.0_20260504.4.tuxprod for intelliq-api., DetailsLevel: INFO
2026-08-01T11:57:59.9911998+00:00 ContainerStatus: Establishing network.
2026-08-01T11:57:59.9913390+00:00 ContainerStatus: Pulling image: appsvc/dotnetcore:9.0_20260504.4.tuxprod.
2026-08-01T11:58:01.2049508+00:00 ContainerStatus: Image appsvc/dotnetcore:9.0_20260504.4.tuxprod is pulled from registry 10.1.0.5:13209
2026-08-01T11:58:01.2062407+00:00 ContainerStatus: Container is starting.
2026-08-01T11:58:01.2063981+00:00 ContainerStatus: State: Starting, Action: MountingVolumes, LastError: , LastErrorTimestamp: 01/01/0001 00:00:00, LastErrorDetails: , Details: Mounting volumes for intelliq-api., DetailsLevel: INFO
2026-08-01T11:58:01.2065121+00:00 ContainerStatus: Establishing user namespace if not established already.
2026-08-01T11:58:01.2066335+00:00 ContainerStatus: Establishing network if not established already.
2026-08-01T11:58:01.2067684+00:00 ContainerStatus: Mounting volumes.
2026-08-01T11:58:01.2152471+00:00 ContainerStatus: Nested mountpoint site/wwwroot
2026-08-01T11:58:01.2438595+00:00 ContainerStatus: Nested mountpoint volatile/logs
2026-08-01T11:58:01.3405862+00:00 ContainerStatus: Nested mountpoint 
2026-08-01T11:58:01.4658935+00:00 ContainerStatus: Nested mountpoint 
2026-08-01T11:58:01.8939094+00:00 ContainerStatus: Nested mountpoint 
2026-08-01T11:58:01.9204454+00:00 ContainerStatus: Nested mountpoint 
2026-08-01T11:58:02.3667926+00:00 ContainerStatus: Nested mountpoint 
2026-08-01T11:58:05.4755349+00:00 ContainerStatus: State: Starting, Action: CreatingContainer, LastError: , LastErrorTimestamp: 01/01/0001 00:00:00, LastErrorDetails: , Details: Finished pulling container image and mounting volumes for intelliq-api. Allocatinng the rest of the container resources to finish container creation., DetailsLevel: INFO
2026-08-01T11:58:05.4756369+00:00 ContainerStatus: Creating container.
2026-08-01T11:58:05.4756981+00:00 ContainerStatus: Creating pipes for streaming container io.
2026-08-01T11:58:05.4757579+00:00 ContainerStatus: Creating stdout named pipe at /podr/container/pipe/93fa4ff8a413_intelliq-api/stdout_b2637f535edd4a2e91a7f241b0517227.
2026-08-01T11:58:05.5194707+00:00 ContainerStatus: Successfully created stdout named pipe at: /podr/container/pipe/93fa4ff8a413_intelliq-api/stdout_b2637f535edd4a2e91a7f241b0517227.
2026-08-01T11:58:05.5204062+00:00 ContainerStatus: Opening named pipe /podr/container/pipe/93fa4ff8a413_intelliq-api/stdout_b2637f535edd4a2e91a7f241b0517227 for reading in non-blocking mode.
2026-08-01T11:58:05.5208122+00:00 ContainerStatus: Successfully opened named pipe: /podr/container/pipe/93fa4ff8a413_intelliq-api/stdout_b2637f535edd4a2e91a7f241b0517227.
2026-08-01T11:58:05.5481827+00:00 ContainerStatus: Successfully removed non-blocking flag from /podr/container/pipe/93fa4ff8a413_intelliq-api/stdout_b2637f535edd4a2e91a7f241b0517227.
2026-08-01T11:58:05.5679786+00:00 ContainerStatus: Creating stderr named pipe at /podr/container/pipe/93fa4ff8a413_intelliq-api/stderr_337d27e342b942f4ada4d03bbc2b99d6.
2026-08-01T11:58:05.6031641+00:00 ContainerStatus: Successfully created stderr named pipe at: /podr/container/pipe/93fa4ff8a413_intelliq-api/stderr_337d27e342b942f4ada4d03bbc2b99d6.
2026-08-01T11:58:05.6032804+00:00 ContainerStatus: Opening named pipe /podr/container/pipe/93fa4ff8a413_intelliq-api/stderr_337d27e342b942f4ada4d03bbc2b99d6 for reading in non-blocking mode.
2026-08-01T11:58:05.6033817+00:00 ContainerStatus: Successfully opened named pipe: /podr/container/pipe/93fa4ff8a413_intelliq-api/stderr_337d27e342b942f4ada4d03bbc2b99d6.
2026-08-01T11:58:05.6034482+00:00 ContainerStatus: Successfully removed non-blocking flag from /podr/container/pipe/93fa4ff8a413_intelliq-api/stderr_337d27e342b942f4ada4d03bbc2b99d6.
2026-08-01T11:58:05.6433144+00:00 ContainerStatus: Creating container with image: appsvc/dotnetcore:9.0_20260504.4.tuxprod from registry: 10.1.0.5:13209 and fully qualified image name: 10.1.0.5:13209/appsvc/dotnetcore:9.0_20260504.4.tuxprod
2026-08-01T11:58:07.3018182+00:00 ContainerStatus: Container get mounts received unexpected exception.
2026-08-01T11:58:07.3994716+00:00 ContainerStatus: Container get processes received unexpected exception.
2026-08-01T11:58:10.2674320+00:00 ContainerStatus: Starting container: 93fa4ff8a413_intelliq-api.
2026-08-01T11:58:10.5332462+00:00 ContainerStatus: Starting watchers and probes.
2026-08-01T11:58:10.5382114+00:00 ContainerStatus: Starting metrics collection.
2026-08-01T11:58:10.5388845+00:00 ContainerStatus: Container is running.
2026-08-01T11:58:10.5392158+00:00 ContainerStatus: State: Starting, Action: CreatingContainer, LastError: , LastErrorTimestamp: 01/01/0001 00:00:00, LastErrorDetails: , Details: Container intelliq-api successfully created and is running., DetailsLevel: INFO
2026-08-01T11:58:10.8557935+00:00 ContainerStatus: Container start method finished after 10864 ms.
2026-08-01T11:58:10.9250237+00:00 ContainerStatus: State: Starting, Action: InitiatingSiteWarmUpProbe, LastError: , LastErrorTimestamp: 01/01/0001 00:00:00, LastErrorDetails: , Details: Container intelliq-api successfully created and is running., DetailsLevel: INFO
2026-08-01T11:58:10.9251138+00:00 ContainerStatus: State: Starting, Action: WaitingForSiteWarmUpProbeSuccess, LastError: , LastErrorTimestamp: 01/01/0001 00:00:00, LastErrorDetails: , Details: Pinging warmup path to ensure container is ready to receive requests., DetailsLevel: INFO
2026-08-01T11:58:11.6044073+00:00 ContainerStream:    _____                               
2026-08-01T11:58:11.6147360+00:00 ContainerStream:   /  _  \ __________ _________   ____  
2026-08-01T11:58:11.6147605+00:00 ContainerStream:  /  /_\  \\___   /  |  \_  __ \_/ __ \ 
2026-08-01T11:58:11.6147635+00:00 ContainerStream: /    |    \/    /|  |  /|  | \/\  ___/ 
2026-08-01T11:58:11.6147842+00:00 ContainerStream: \____|__  /_____ \____/ |__|    \___  >
2026-08-01T11:58:11.6148006+00:00 ContainerStream:         \/      \/                  \/ 
2026-08-01T11:58:11.6148055+00:00 ContainerStream: A P P   S E R V I C E   O N   L I N U X
2026-08-01T11:58:11.6148144+00:00 ContainerStream: 
2026-08-01T11:58:11.6148174+00:00 ContainerStream: Documentation       : http://aka.ms/webapp-linux
2026-08-01T11:58:11.6148201+00:00 ContainerStream: Dotnet quickstart   : https://aka.ms/dotnet-qs
2026-08-01T11:58:11.6148234+00:00 ContainerStream: ASP .NETCore Version: 9.0.15
2026-08-01T11:58:11.6148260+00:00 ContainerStream: Instance Name       : lw1sdlwk0001E4
2026-08-01T11:58:11.6148308+00:00 ContainerStream: Instance Id         : 182350d73622b11ccdbe6e8c1485ddc261ae27ae445eca9fe52ac50e417c829d
2026-08-01T11:58:11.6148332+00:00 ContainerStream: 
2026-08-01T11:58:11.6148379+00:00 ContainerStream: Note: Any data outside '/home' is not persisted
2026-08-01T11:58:17.5915593+00:00 ContainerStream: Starting OpenBSD Secure Shell server: sshd.
2026-08-01T11:58:17.6416315+00:00 ContainerStream: WEBSITES_INCLUDE_CLOUD_CERTS is not set to true.
2026-08-01T11:58:17.7996693+00:00 ContainerStream: Updating certificates in /etc/ssl/certs...
2026-08-01T11:58:50.6711098+00:00 ContainerStream: rehash: warning: skipping duplicate certificate in azl_SSL.com_TLS_ECC_Root_CA_2022.pem
2026-08-01T11:58:50.6729731+00:00 ContainerStream: rehash: warning: skipping duplicate certificate in azl_SSL.com_TLS_RSA_Root_CA_2022.pem
2026-08-01T11:58:51.2967009+00:00 ContainerStream: rehash: warning: skipping ca-certificates.crt,it does not contain exactly one certificate or CRL
2026-08-01T11:58:51.4059019+00:00 ContainerStream: 4 added, 0 removed; done.
2026-08-01T11:58:51.4152289+00:00 ContainerStream: Running hooks in /etc/ca-certificates/update.d...
2026-08-01T11:58:51.4325414+00:00 ContainerStream: done.
2026-08-01T11:58:51.4725956+00:00 ContainerStream: CA certificates copied and updated successfully.
2026-08-01T11:58:52.3219628+00:00 ContainerStream: Starting periodic command scheduler: cron.
2026-08-01T11:58:52.3329506+00:00 ContainerStream: Running oryx create-script -appPath /home/site/wwwroot -output /opt/startup/startup.sh -defaultAppFilePath /defaulthome/hostingstart/hostingstart.dll     -bindPort 8080 -bindPort2 '' -userStartupCommand '' 
2026-08-01T11:58:52.7728340+00:00 ContainerStream: Could not find build manifest file at '/home/site/wwwroot/oryx-manifest.toml'
2026-08-01T11:58:52.7736481+00:00 ContainerStream: Could not find operation ID in manifest. Generating an operation id...
2026-08-01T11:58:52.7833099+00:00 ContainerStream: Build Operation ID: b69a2bc8-cf9f-416a-b243-fb2ec2709060
2026-08-01T11:58:54.3547004+00:00 ContainerStream: 
2026-08-01T11:58:54.3622070+00:00 ContainerStream: Agent extension 
2026-08-01T11:58:54.3634640+00:00 ContainerStream: Before if loop >> DotNet Runtime 
2026-08-01T11:58:54.6403451+00:00 ContainerStream: DotNet Runtime 9.0Writing output script to '/opt/startup/startup.sh'
2026-08-01T11:58:54.8454776+00:00 ContainerStream: Trying to find the startup DLL name...
2026-08-01T11:58:54.8470711+00:00 ContainerStream: Found the startup D name: Smart_Queue.dll
2026-08-01T11:58:54.8664462+00:00 ContainerStream: Running the command: dotnet "Smart_Queue.dll"
2026-08-01T11:59:35.8564068+00:00 ContainerStream: warn: Microsoft.EntityFrameworkCore.Model.Validation[30000]
2026-08-01T11:59:35.8572828+00:00 ContainerStream:       No store type was specified for the decimal property 'Cost' on entity type 'Service'. This will cause values to be silently truncated if they do not fit in the default precision and scale. Explicitly specify the SQL server column type that can accommodate all the values in 'OnModelCreating' using 'HasColumnType', specify precision and scale using 'HasPrecision', or configure a value converter using 'HasConversion'.
2026-08-01T11:59:43.2116804+00:00 ContainerStream: Unhandled exception. System.IO.FileNotFoundException: Could not load file or assembly 'Microsoft.Data.SqlClient, Version=5.0.0.0, Culture=neutral, PublicKeyToken=23ec7fc2d6eaa4a5'. The system cannot find the file specified.
2026-08-01T11:59:43.2117198+00:00 ContainerStream: 
2026-08-01T11:59:43.2117261+00:00 ContainerStream: File name: 'Microsoft.Data.SqlClient, Version=5.0.0.0, Culture=neutral, PublicKeyToken=23ec7fc2d6eaa4a5'
2026-08-01T11:59:43.2117296+00:00 ContainerStream:    at Microsoft.EntityFrameworkCore.SqlServer.Storage.Internal.SqlServerDatabaseCreator.<>c__DisplayClass20_0.<<ExistsAsync>b__0>d.MoveNext()
2026-08-01T11:59:43.2117328+00:00 ContainerStream:    at System.Runtime.CompilerServices.AsyncMethodBuilderCore.Start[TStateMachine](TStateMachine& stateMachine)
2026-08-01T11:59:43.2117456+00:00 ContainerStream:    at Microsoft.EntityFrameworkCore.SqlServer.Storage.Internal.SqlServerDatabaseCreator.<>c__DisplayClass20_0.<ExistsAsync>b__0(DateTime giveUp, CancellationToken ct)
2026-08-01T11:59:43.2117493+00:00 ContainerStream:    at Microsoft.EntityFrameworkCore.ExecutionStrategyExtensions.<>c__DisplayClass13_0`2.<ExecuteAsync>b__0(DbContext _, TState s, CancellationToken ct)
2026-08-01T11:59:43.2117529+00:00 ContainerStream:    at Microsoft.EntityFrameworkCore.SqlServer.Storage.Internal.SqlServerExecutionStrategy.ExecuteAsync[TState,TResult](TState state, Func`4 operation, Func`4 verifySucceeded, CancellationToken cancellationToken)
2026-08-01T11:59:43.2117561+00:00 ContainerStream:    at Microsoft.EntityFrameworkCore.Migrations.Internal.Migrator.MigrateAsync(String targetMigration, CancellationToken cancellationToken)
2026-08-01T11:59:43.2117592+00:00 ContainerStream:    at Program.<Main>$(String[] args) in C:\Users\devic\source\repos\Major Project\backend\Smart_Queue\Program.cs:line 88
2026-08-01T11:59:43.2128757+00:00 ContainerStream:    at Program.<Main>(String[] args)
2026-08-01T12:00:00.0522676+00:00 ContainerStream: /opt/startup/startup.sh: line 20:  1863 Aborted                 (core dumped) dotnet "Smart_Queue.dll"
2026-08-01T12:00:00.3663989+00:00 ContainerStatus: Container has finished running with exit code: 134.
2026-08-01T12:00:00.3832720+00:00 ContainerStatus: Container is terminating. Grace period: 5 seconds.
2026-08-01T12:00:00.4333543+00:00 ContainerStatus: Stop and delete container. Retry count = 0
2026-08-01T12:00:00.4399079+00:00 ContainerStatus: Stopping container: 93fa4ff8a413_intelliq-api.
2026-08-01T12:00:01.2773643+00:00 ContainerStatus: Deleting container: 93fa4ff8a413_intelliq-api. Retry count = 0
2026-08-01T12:00:03.0202255+00:00 ContainerStatus: Container spec TerminationMessagePolicy  path 
2026-08-01T12:00:03.0218093+00:00 ContainerStatus: Container is terminated. Total time elapsed: 2636 ms.
2026-08-01T12:00:03.0397432+00:00 ContainerStatus: Site container: intelliq-api terminated during site startup.
2026-08-01T12:00:03.2322104+00:00 ContainerStatus: State: Stopping, Action: CancellingStartup, LastError: , LastErrorTimestamp: 01/01/0001 00:00:00, LastErrorDetails: , Details: Site container: intelliq-api terminated during site startup. Cancelling site startup., DetailsLevel: ERR
2026-08-01T12:00:03.5317367+00:00 ContainerStatus: Site startup probe failed after 112.4461243 seconds.
2026-08-01T12:00:04.9986359+00:00 ContainerStatus: State: Stopping, Action: CancellingStartup, LastError: ContainerStartupFailure, LastErrorTimestamp: 08/01/2026 12:00:04, LastErrorDetails: Container exited with exit code 134 during startup after 112.5s. Please inspect your container logs for more details., Details: Site container: intelliq-api terminated during site startup. Cancelling site startup., DetailsLevel: ERR
2026-08-01T12:00:05.1986426+00:00 ContainerStatus: Failed to start site. Revert by stopping site.
2026-08-01T12:00:05.2046549+00:00 ContainerStatus: State: Stopping, Action: StoppingSite, LastError: ContainerStartupFailure, LastErrorTimestamp: 08/01/2026 12:00:04, LastErrorDetails: Container exited with exit code 134 during startup after 112.5s. Please inspect your container logs for more details., Details: Site container: intelliq-api terminated during site startup. Cancelling site startup., DetailsLevel: ERR
2026-08-01T12:00:05.2829196+00:00 ContainerStatus: State: Stopping, Action: StoppingSiteContainers, LastError: ContainerStartupFailure, LastErrorTimestamp: 08/01/2026 12:00:04, LastErrorDetails: Container exited with exit code 134 during startup after 112.5s. Please inspect your container logs for more details., Details: Site container: intelliq-api terminated during site startup. Cancelling site startup., DetailsLevel: ERR
2026-08-01T12:00:05.2830877+00:00 ContainerStatus: Site: intelliq-api stopped.
========== New Cold Start Attempt (2026-08-01T12:00:05.3385025+00:00) ==========
2026-08-01T12:00:05.3385025+00:00 ContainerStatus: State: Stopping, Action: UnmountingVolumes, LastError: ContainerStartupFailure, LastErrorTimestamp: 08/01/2026 12:00:04, LastErrorDetails: Container exited with exit code 134 during startup after 112.5s. Please inspect your container logs for more details., Details: Site container: intelliq-api terminated during site startup. Cancelling site startup., DetailsLevel: ERR
2026-08-01T12:00:07.4833207+00:00 ContainerStatus: State: Stopping, Action: StoppingSiteNetworks, LastError: ContainerStartupFailure, LastErrorTimestamp: 08/01/2026 12:00:04, LastErrorDetails: Container exited with exit code 134 during startup after 112.5s. Please inspect your container logs for more details., Details: Site container: intelliq-api terminated during site startup. Cancelling site startup., DetailsLevel: ERR
2026-08-01T12:00:08.6889820+00:00 ContainerStatus: State: Stopped, Action: None, LastError: ContainerStartupFailure, LastErrorTimestamp: 08/01/2026 12:00:04, LastErrorDetails: Container exited with exit code 134 during startup after 112.5s. Please inspect your container logs for more details., Details: Site stopped at 08/01/2026 12:00:08 (UTC), DetailsLevel: ERR
2026-08-01T12:00:10.6788077+00:00 ContainerStatus: State: Stopped, Action: None, LastError: ContainerStartupFailure, LastErrorTimestamp: 08/01/2026 12:00:04, LastErrorDetails: Container exited with exit code 134 during startup after 112.5s. Please inspect your container logs for more details., Details: Site stopped at 08/01/2026 12:00:08 (UTC), DetailsLevel: ERR
2026-08-01T12:00:17.8101629+00:00 ContainerStatus: State: Starting, Action: EstablishingSiteNetworks, LastError: ContainerStartupFailure, LastErrorTimestamp: 08/01/2026 12:00:04, LastErrorDetails: Container exited with exit code 134 during startup after 112.5s. Please inspect your container logs for more details., Details: Site stopped at 08/01/2026 12:00:08 (UTC), DetailsLevel: ERR
2026-08-01T12:00:23.2992025+00:00 ContainerStatus: State: Starting, Action: StartingSiteContainers, LastError: ContainerStartupFailure, LastErrorTimestamp: 08/01/2026 12:00:04, LastErrorDetails: Container exited with exit code 134 during startup after 112.5s. Please inspect your container logs for more details., Details: Site stopped at 08/01/2026 12:00:08 (UTC), DetailsLevel: ERR
2026-08-01T12:00:23.2992997+00:00 ContainerStatus: Container start method called.
2026-08-01T12:00:23.2993631+00:00 ContainerStatus: State: Starting, Action: PullingImage, LastError: ContainerStartupFailure, LastErrorTimestamp: 08/01/2026 12:00:04, LastErrorDetails: Container exited with exit code 134 during startup after 112.5s. Please inspect your container logs for more details., Details: Pulling image 10.1.0.5:13209/appsvc/dotnetcore:9.0_20260504.4.tuxprod for intelliq-api., DetailsLevel: INFO
2026-08-01T12:00:23.2994245+00:00 ContainerStatus: Establishing network.
2026-08-01T12:00:23.2995023+00:00 ContainerStatus: Pulling image: appsvc/dotnetcore:9.0_20260504.4.tuxprod.
2026-08-01T12:00:24.0024715+00:00 ContainerStatus: Container is starting.
2026-08-01T12:00:24.0027850+00:00 ContainerStatus: State: Starting, Action: MountingVolumes, LastError: ContainerStartupFailure, LastErrorTimestamp: 08/01/2026 12:00:04, LastErrorDetails: Container exited with exit code 134 during startup after 112.5s. Please inspect your container logs for more details., Details: Mounting volumes for intelliq-api., DetailsLevel: INFO
2026-08-01T12:00:24.0035980+00:00 ContainerStatus: Establishing user namespace if not established already.
2026-08-01T12:00:24.0037177+00:00 ContainerStatus: Establishing network if not established already.
2026-08-01T12:00:24.0041469+00:00 ContainerStatus: Mounting volumes.
2026-08-01T12:00:24.0134689+00:00 ContainerStatus: Nested mountpoint site/wwwroot
2026-08-01T12:00:24.0366678+00:00 ContainerStatus: Nested mountpoint volatile/logs
2026-08-01T12:00:24.1491225+00:00 ContainerStatus: Nested mountpoint 
2026-08-01T12:00:24.1586148+00:00 ContainerStatus: Nested mountpoint 
2026-08-01T12:00:24.3465300+00:00 ContainerStatus: Nested mountpoint 
2026-08-01T12:00:24.3581824+00:00 ContainerStatus: Nested mountpoint 
2026-08-01T12:00:24.6108442+00:00 ContainerStatus: Nested mountpoint 
2026-08-01T12:00:26.2179562+00:00 ContainerStatus: State: Starting, Action: CreatingContainer, LastError: ContainerStartupFailure, LastErrorTimestamp: 08/01/2026 12:00:04, LastErrorDetails: Container exited with exit code 134 during startup after 112.5s. Please inspect your container logs for more details., Details: Finished pulling container image and mounting volumes for intelliq-api. Allocatinng the rest of the container resources to finish container creation., DetailsLevel: INFO
2026-08-01T12:00:26.2180655+00:00 ContainerStatus: Creating container.
2026-08-01T12:00:26.2181273+00:00 ContainerStatus: Creating pipes for streaming container io.
2026-08-01T12:00:26.2181796+00:00 ContainerStatus: Creating stdout named pipe at /podr/container/pipe/9844827b9399_intelliq-api/stdout_1a2a7f4a9920437aba91d84411d9e9af.
2026-08-01T12:00:26.2183969+00:00 ContainerStatus: Successfully created stdout named pipe at: /podr/container/pipe/9844827b9399_intelliq-api/stdout_1a2a7f4a9920437aba91d84411d9e9af.
2026-08-01T12:00:26.2184513+00:00 ContainerStatus: Opening named pipe /podr/container/pipe/9844827b9399_intelliq-api/stdout_1a2a7f4a9920437aba91d84411d9e9af for reading in non-blocking mode.
2026-08-01T12:00:26.2185279+00:00 ContainerStatus: Successfully opened named pipe: /podr/container/pipe/9844827b9399_intelliq-api/stdout_1a2a7f4a9920437aba91d84411d9e9af.
2026-08-01T12:00:26.2185855+00:00 ContainerStatus: Successfully removed non-blocking flag from /podr/container/pipe/9844827b9399_intelliq-api/stdout_1a2a7f4a9920437aba91d84411d9e9af.
2026-08-01T12:00:26.2541585+00:00 ContainerStatus: Creating stderr named pipe at /podr/container/pipe/9844827b9399_intelliq-api/stderr_e58129488b304451b9ea7fb5a9d9a7ba.
2026-08-01T12:00:26.2543708+00:00 ContainerStatus: Successfully created stderr named pipe at: /podr/container/pipe/9844827b9399_intelliq-api/stderr_e58129488b304451b9ea7fb5a9d9a7ba.
2026-08-01T12:00:26.2544310+00:00 ContainerStatus: Opening named pipe /podr/container/pipe/9844827b9399_intelliq-api/stderr_e58129488b304451b9ea7fb5a9d9a7ba for reading in non-blocking mode.
2026-08-01T12:00:26.2545052+00:00 ContainerStatus: Successfully opened named pipe: /podr/container/pipe/9844827b9399_intelliq-api/stderr_e58129488b304451b9ea7fb5a9d9a7ba.
2026-08-01T12:00:26.2545656+00:00 ContainerStatus: Successfully removed non-blocking flag from /podr/container/pipe/9844827b9399_intelliq-api/stderr_e58129488b304451b9ea7fb5a9d9a7ba.
2026-08-01T12:00:26.2546606+00:00 ContainerStatus: Creating container with image: appsvc/dotnetcore:9.0_20260504.4.tuxprod from registry: 10.1.0.5:13209 and fully qualified image name: 10.1.0.5:13209/appsvc/dotnetcore:9.0_20260504.4.tuxprod
2026-08-01T12:00:27.8531097+00:00 ContainerStatus: Starting container: 9844827b9399_intelliq-api.
2026-08-01T12:00:28.0842204+00:00 ContainerStatus: Starting watchers and probes.
2026-08-01T12:00:28.0848240+00:00 ContainerStatus: Starting metrics collection.
2026-08-01T12:00:28.0970327+00:00 ContainerStatus: Container is running.
2026-08-01T12:00:28.1025912+00:00 ContainerStatus: State: Starting, Action: CreatingContainer, LastError: ContainerStartupFailure, LastErrorTimestamp: 08/01/2026 12:00:04, LastErrorDetails: Container exited with exit code 134 during startup after 112.5s. Please inspect your container logs for more details., Details: Container intelliq-api successfully created and is running., DetailsLevel: INFO
2026-08-01T12:00:28.5026477+00:00 ContainerStatus: Container start method finished after 5203 ms.
2026-08-01T12:00:28.5028375+00:00 ContainerStatus: State: Starting, Action: InitiatingSiteWarmUpProbe, LastError: ContainerStartupFailure, LastErrorTimestamp: 08/01/2026 12:00:04, LastErrorDetails: Container exited with exit code 134 during startup after 112.5s. Please inspect your container logs for more details., Details: Container intelliq-api successfully created and is running., DetailsLevel: INFO
2026-08-01T12:00:28.5028674+00:00 ContainerStatus: State: Starting, Action: WaitingForSiteWarmUpProbeSuccess, LastError: ContainerStartupFailure, LastErrorTimestamp: 08/01/2026 12:00:04, LastErrorDetails: Container exited with exit code 134 during startup after 112.5s. Please inspect your container logs for more details., Details: Pinging warmup path to ensure container is ready to receive requests., DetailsLevel: INFO
2026-08-01T12:00:29.1133493+00:00 ContainerStream:    _____                               
2026-08-01T12:00:29.1134077+00:00 ContainerStream:   /  _  \ __________ _________   ____  
2026-08-01T12:00:29.1134107+00:00 ContainerStream:  /  /_\  \\___   /  |  \_  __ \_/ __ \ 
2026-08-01T12:00:29.1134127+00:00 ContainerStream: /    |    \/    /|  |  /|  | \/\  ___/ 
2026-08-01T12:00:29.1134148+00:00 ContainerStream: \____|__  /_____ \____/ |__|    \___  >
2026-08-01T12:00:29.1134169+00:00 ContainerStream:         \/      \/                  \/ 
2026-08-01T12:00:29.1134190+00:00 ContainerStream: A P P   S E R V I C E   O N   L I N U X
2026-08-01T12:00:29.1134210+00:00 ContainerStream: 
2026-08-01T12:00:29.1134233+00:00 ContainerStream: Documentation       : http://aka.ms/webapp-linux
2026-08-01T12:00:29.1140614+00:00 ContainerStream: Dotnet quickstart   : https://aka.ms/dotnet-qs
2026-08-01T12:00:29.1140683+00:00 ContainerStream: ASP .NETCore Version: 9.0.15
2026-08-01T12:00:29.1140707+00:00 ContainerStream: Instance Name       : lw1sdlwk0001E4
2026-08-01T12:00:29.1140736+00:00 ContainerStream: Instance Id         : 182350d73622b11ccdbe6e8c1485ddc261ae27ae445eca9fe52ac50e417c829d
2026-08-01T12:00:29.1140780+00:00 ContainerStream: 
2026-08-01T12:00:29.1140804+00:00 ContainerStream: Note: Any data outside '/home' is not persisted
2026-08-01T12:00:38.9638524+00:00 ContainerStream: Starting OpenBSD Secure Shell server: sshd.
2026-08-01T12:00:38.9915138+00:00 ContainerStream: WEBSITES_INCLUDE_CLOUD_CERTS is not set to true.
2026-08-01T12:00:39.1897168+00:00 ContainerStream: Updating certificates in /etc/ssl/certs...
2026-08-01T12:02:05.0734659+00:00 ContainerStream: rehash: warning: skipping duplicate certificate in azl_SSL.com_TLS_ECC_Root_CA_2022.pem
2026-08-01T12:02:05.0752769+00:00 ContainerStream: rehash: warning: skipping duplicate certificate in azl_SSL.com_TLS_RSA_Root_CA_2022.pem
2026-08-01T12:02:08.2755506+00:00 ContainerStream: rehash: warning: skipping ca-certificates.crt,it does not contain exactly one certificate or CRL
2026-08-01T12:02:08.7994020+00:00 ContainerStream: 4 added, 0 removed; done.
2026-08-01T12:02:08.8368204+00:00 ContainerStream: Running hooks in /etc/ca-certificates/update.d...
2026-08-01T12:02:08.8747400+00:00 ContainerStream: done.
2026-08-01T12:02:08.9908716+00:00 ContainerStream: CA certificates copied and updated successfully.
2026-08-01T12:02:10.5657722+00:00 ContainerStream: Starting periodic command scheduler: cron.
2026-08-01T12:02:10.5964755+00:00 ContainerStream: Running oryx create-script -appPath /home/site/wwwroot -output /opt/startup/startup.sh -defaultAppFilePath /defaulthome/hostingstart/hostingstart.dll     -bindPort 8080 -bindPort2 '' -userStartupCommand '' 
2026-08-01T12:02:12.3010005+00:00 ContainerStream: Could not find build manifest file at '/home/site/wwwroot/oryx-manifest.toml'
2026-08-01T12:02:12.3013621+00:00 ContainerStream: Could not find operation ID in manifest. Generating an operation id...
2026-08-01T12:02:12.3022243+00:00 ContainerStream: Build Operation ID: 25183d10-b1d9-4b4d-97fb-310389337fd7
2026-08-01T12:02:19.2707784+00:00 ContainerStream: 
2026-08-01T12:02:19.2714609+00:00 ContainerStream: Agent extension 
2026-08-01T12:02:19.2714715+00:00 ContainerStream: Before if loop >> DotNet Runtime 
2026-08-01T12:02:20.7376150+00:00 ContainerStream: DotNet Runtime 9.0Writing output script to '/opt/startup/startup.sh'
2026-08-01T12:02:21.0091500+00:00 ContainerStream: Trying to find the startup DLL name...
2026-08-01T12:02:21.0268464+00:00 ContainerStream: Found the startup D name: Smart_Queue.dll
2026-08-01T12:02:21.0302393+00:00 ContainerStream: Running the command: dotnet "Smart_Queue.dll"
2026-08-01T12:03:08.7826962+00:00 ContainerStream: warn: Microsoft.EntityFrameworkCore.Model.Validation[30000]
2026-08-01T12:03:08.7838262+00:00 ContainerStream:       No store type was specified for the decimal property 'Cost' on entity type 'Service'. This will cause values to be silently truncated if they do not fit in the default precision and scale. Explicitly specify the SQL server column type that can accommodate all the values in 'OnModelCreating' using 'HasColumnType', specify precision and scale using 'HasPrecision', or configure a value converter using 'HasConversion'.
2026-08-01T12:03:12.2462368+00:00 ContainerStream: Unhandled exception. System.IO.FileNotFoundException: Could not load file or assembly 'Microsoft.Data.SqlClient, Version=5.0.0.0, Culture=neutral, PublicKeyToken=23ec7fc2d6eaa4a5'. The system cannot find the file specified.
2026-08-01T12:03:12.2630316+00:00 ContainerStream: 
2026-08-01T12:03:12.2630420+00:00 ContainerStream: File name: 'Microsoft.Data.SqlClient, Version=5.0.0.0, Culture=neutral, PublicKeyToken=23ec7fc2d6eaa4a5'
2026-08-01T12:03:12.2630454+00:00 ContainerStream:    at Microsoft.EntityFrameworkCore.SqlServer.Storage.Internal.SqlServerDatabaseCreator.<>c__DisplayClass20_0.<<ExistsAsync>b__0>d.MoveNext()
2026-08-01T12:03:12.2630487+00:00 ContainerStream:    at System.Runtime.CompilerServices.AsyncMethodBuilderCore.Start[TStateMachine](TStateMachine& stateMachine)
2026-08-01T12:03:12.2630516+00:00 ContainerStream:    at Microsoft.EntityFrameworkCore.SqlServer.Storage.Internal.SqlServerDatabaseCreator.<>c__DisplayClass20_0.<ExistsAsync>b__0(DateTime giveUp, CancellationToken ct)
2026-08-01T12:03:12.2630544+00:00 ContainerStream:    at Microsoft.EntityFrameworkCore.ExecutionStrategyExtensions.<>c__DisplayClass13_0`2.<ExecuteAsync>b__0(DbContext _, TState s, CancellationToken ct)
2026-08-01T12:03:12.2630576+00:00 ContainerStream:    at Microsoft.EntityFrameworkCore.SqlServer.Storage.Internal.SqlServerExecutionStrategy.ExecuteAsync[TState,TResult](TState state, Func`4 operation, Func`4 verifySucceeded, CancellationToken cancellationToken)
2026-08-01T12:03:12.2630607+00:00 ContainerStream:    at Microsoft.EntityFrameworkCore.Migrations.Internal.Migrator.MigrateAsync(String targetMigration, CancellationToken cancellationToken)
2026-08-01T12:03:12.2630726+00:00 ContainerStream:    at Program.<Main>$(String[] args) in C:\Users\devic\source\repos\Major Project\backend\Smart_Queue\Program.cs:line 88
2026-08-01T12:03:12.2631285+00:00 ContainerStream:    at Program.<Main>(String[] args)
2026-08-01T12:03:21.9721098+00:00 ContainerStream: /opt/startup/startup.sh: line 20:  1863 Aborted                 (core dumped) dotnet "Smart_Queue.dll"
2026-08-01T12:03:22.1785117+00:00 ContainerStatus: Container has finished running with exit code: 134.
2026-08-01T12:03:22.1792657+00:00 ContainerStatus: Container is terminating. Grace period: 5 seconds.
2026-08-01T12:03:22.1982068+00:00 ContainerStatus: Stop and delete container. Retry count = 0
2026-08-01T12:03:22.1989431+00:00 ContainerStatus: Stopping container: 9844827b9399_intelliq-api.
2026-08-01T12:03:22.3398390+00:00 ContainerStatus: Deleting container: 9844827b9399_intelliq-api. Retry count = 0
2026-08-01T12:03:22.9596530+00:00 ContainerStatus: Container spec TerminationMessagePolicy  path 
2026-08-01T12:03:22.9605731+00:00 ContainerStatus: Container is terminated. Total time elapsed: 781 ms.
2026-08-01T12:03:22.9782243+00:00 ContainerStatus: Site container: intelliq-api terminated during site startup.
2026-08-01T12:03:22.9903724+00:00 ContainerStatus: State: Stopping, Action: CancellingStartup, LastError: ContainerStartupFailure, LastErrorTimestamp: 08/01/2026 12:00:04, LastErrorDetails: Container exited with exit code 134 during startup after 112.5s. Please inspect your container logs for more details., Details: Site container: intelliq-api terminated during site startup. Cancelling site startup., DetailsLevel: ERR
2026-08-01T12:03:23.0852977+00:00 ContainerStatus: Site startup probe failed after 174.571307 seconds.
2026-08-01T12:03:23.4343449+00:00 ContainerStatus: State: Stopping, Action: CancellingStartup, LastError: ContainerStartupFailure, LastErrorTimestamp: 08/01/2026 12:03:23, LastErrorDetails: Container exited with exit code 134 during startup after 174.9s. Please inspect your container logs for more details., Details: Site container: intelliq-api terminated during site startup. Cancelling site startup., DetailsLevel: ERR
2026-08-01T12:03:23.4624249+00:00 ContainerStatus: Failed to start site. Revert by stopping site.
2026-08-01T12:03:23.4718341+00:00 ContainerStatus: State: Stopping, Action: StoppingSite, LastError: ContainerStartupFailure, LastErrorTimestamp: 08/01/2026 12:03:23, LastErrorDetails: Container exited with exit code 134 during startup after 174.9s. Please inspect your container logs for more details., Details: Site container: intelliq-api terminated during site startup. Cancelling site startup., DetailsLevel: ERR
2026-08-01T12:03:23.4797442+00:00 ContainerStatus: State: Stopping, Action: StoppingSiteContainers, LastError: ContainerStartupFailure, LastErrorTimestamp: 08/01/2026 12:03:23, LastErrorDetails: Container exited with exit code 134 during startup after 174.9s. Please inspect your container logs for more details., Details: Site container: intelliq-api terminated during site startup. Cancelling site startup., DetailsLevel: ERR
2026-08-01T12:03:23.4810236+00:00 ContainerStatus: Site: intelliq-api stopped.
========== New Cold Start Attempt (2026-08-01T12:03:23.4828327+00:00) ==========
2026-08-01T12:03:23.4828327+00:00 ContainerStatus: State: Stopping, Action: UnmountingVolumes, LastError: ContainerStartupFailure, LastErrorTimestamp: 08/01/2026 12:03:23, LastErrorDetails: Container exited with exit code 134 during startup after 174.9s. Please inspect your container logs for more details., Details: Site container: intelliq-api terminated during site startup. Cancelling site startup., DetailsLevel: ERR
2026-08-01T12:03:24.1822324+00:00 ContainerStatus: State: Stopping, Action: StoppingSiteNetworks, LastError: ContainerStartupFailure, LastErrorTimestamp: 08/01/2026 12:03:23, LastErrorDetails: Container exited with exit code 134 during startup after 174.9s. Please inspect your container logs for more details., Details: Site container: intelliq-api terminated during site startup. Cancelling site startup., DetailsLevel: ERR
2026-08-01T12:03:24.5669151+00:00 ContainerStatus: Site: intelliq-api will be blocked for 1 minutes till 08/01/2026 12:04:24
2026-08-01T12:03:24.5837590+00:00 ContainerStatus: State: Blocked, Action: StoppingSiteNetworks, LastError: ContainerStartupFailure, LastErrorTimestamp: 08/01/2026 12:03:23, LastErrorDetails: Container exited with exit code 134 during startup after 174.9s. Please inspect your container logs for more details., Details: Site: intelliq-api will be blocked for 1 minutes till 08/01/2026 12:04:24, DetailsLevel: WARN
2026-08-01T12:03:24.6638551+00:00 ContainerStatus: State: Stopped, Action: None, LastError: ContainerStartupFailure, LastErrorTimestamp: 08/01/2026 12:03:23, LastErrorDetails: Container exited with exit code 134 during startup after 174.9s. Please inspect your container logs for more details., Details: Site stopped at 08/01/2026 12:03:24 (UTC), DetailsLevel: WARN
2026-08-01T12:03:25.4466235+00:00 ContainerStatus: State: Stopped, Action: None, LastError: ContainerStartupFailure, LastErrorTimestamp: 08/01/2026 12:03:23, LastErrorDetails: Container exited with exit code 134 during startup after 174.9s. Please inspect your container logs for more details., Details: Site stopped at 08/01/2026 12:03:24 (UTC), DetailsLevel: WARN
2026-08-01T12:03:31.6491359+00:00 ContainerStatus: State: Blocked, Action: None, LastError: ContainerStartupFailure, LastErrorTimestamp: 08/01/2026 12:03:23, LastErrorDetails: Container exited with exit code 134 during startup after 174.9s. Please inspect your container logs for more details., Details: Site is blocked due to multiple, consecutive cold start failures. Site scheduled to be unblocked at 08/01/2026 12:04:24, DetailsLevel: WARN
2026-08-01T12:03:31.6491746+00:00 ContainerStatus: Start site prohibitted because the site is being blocked.
2026-08-01T12:03:36.9976286+00:00 ContainerStatus: State: Blocked, Action: None, LastError: ContainerStartupFailure, LastErrorTimestamp: 08/01/2026 12:03:23, LastErrorDetails: Container exited with exit code 134 during startup after 174.9s. Please inspect your container logs for more details., Details: Site is blocked due to multiple, consecutive cold start failures. Site scheduled to be unblocked at 08/01/2026 12:04:24, DetailsLevel: WARN
2026-08-01T12:03:36.9978493+00:00 ContainerStatus: Start site prohibitted because the site is being blocked.
2026-08-01T12:03:42.3225659+00:00 ContainerStatus: State: Blocked, Action: None, LastError: ContainerStartupFailure, LastErrorTimestamp: 08/01/2026 12:03:23, LastErrorDetails: Container exited with exit code 134 during startup after 174.9s. Please inspect your container logs for more details., Details: Site is blocked due to multiple, consecutive cold start failures. Site scheduled to be unblocked at 08/01/2026 12:04:24, DetailsLevel: WARN
2026-08-01T12:03:42.3229069+00:00 ContainerStatus: Start site prohibitted because the site is being blocked.
2026-08-01T12:03:47.5506953+00:00 ContainerStatus: State: Blocked, Action: None, LastError: ContainerStartupFailure, LastErrorTimestamp: 08/01/2026 12:03:23, LastErrorDetails: Container exited with exit code 134 during startup after 174.9s. Please inspect your container logs for more details., Details: Site is blocked due to multiple, consecutive cold start failures. Site scheduled to be unblocked at 08/01/2026 12:04:24, DetailsLevel: WARN
2026-08-01T12:03:47.5507818+00:00 ContainerStatus: Start site prohibitted because the site is being blocked.
2026-08-01T12:03:52.7385655+00:00 ContainerStatus: State: Blocked, Action: None, LastError: ContainerStartupFailure, LastErrorTimestamp: 08/01/2026 12:03:23, LastErrorDetails: Container exited with exit code 134 during startup after 174.9s. Please inspect your container logs for more details., Details: Site is blocked due to multiple, consecutive cold start failures. Site scheduled to be unblocked at 08/01/2026 12:04:24, DetailsLevel: WARN
2026-08-01T12:03:52.7387169+00:00 ContainerStatus: Start site prohibitted because the site is being blocked.
2026-08-01T12:03:58.1330570+00:00 ContainerStatus: State: Blocked, Action: None, LastError: ContainerStartupFailure, LastErrorTimestamp: 08/01/2026 12:03:23, LastErrorDetails: Container exited with exit code 134 during startup after 174.9s. Please inspect your container logs for more details., Details: Site is blocked due to multiple, consecutive cold start failures. Site scheduled to be unblocked at 08/01/2026 12:04:24, DetailsLevel: WARN
2026-08-01T12:03:58.1331043+00:00 ContainerStatus: Start site prohibitted because the site is being blocked.
2026-08-01T12:04:03.5907554+00:00 ContainerStatus: State: Blocked, Action: None, LastError: ContainerStartupFailure, LastErrorTimestamp: 08/01/2026 12:03:23, LastErrorDetails: Container exited with exit code 134 during startup after 174.9s. Please inspect your container logs for more details., Details: Site is blocked due to multiple, consecutive cold start failures. Site scheduled to be unblocked at 08/01/2026 12:04:24, DetailsLevel: WARN
2026-08-01T12:04:03.5907943+00:00 ContainerStatus: Start site prohibitted because the site is being blocked.
2026-08-01T12:04:09.0114228+00:00 ContainerStatus: State: Blocked, Action: None, LastError: ContainerStartupFailure, LastErrorTimestamp: 08/01/2026 12:03:23, LastErrorDetails: Container exited with exit code 134 during startup after 174.9s. Please inspect your container logs for more details., Details: Site is blocked due to multiple, consecutive cold start failures. Site scheduled to be unblocked at 08/01/2026 12:04:24, DetailsLevel: WARN
2026-08-01T12:04:09.0114622+00:00 ContainerStatus: Start site prohibitted because the site is being blocked.
2026-08-01T12:04:14.3403101+00:00 ContainerStatus: State: Blocked, Action: None, LastError: ContainerStartupFailure, LastErrorTimestamp: 08/01/2026 12:03:23, LastErrorDetails: Container exited with exit code 134 during startup after 174.9s. Please inspect your container logs for more details., Details: Site is blocked due to multiple, consecutive cold start failures. Site scheduled to be unblocked at 08/01/2026 12:04:24, DetailsLevel: WARN
2026-08-01T12:04:14.3403466+00:00 ContainerStatus: Start site prohibitted because the site is being blocked.
2026-08-01T12:04:19.6841246+00:00 ContainerStatus: State: Blocked, Action: None, LastError: ContainerStartupFailure, LastErrorTimestamp: 08/01/2026 12:03:23, LastErrorDetails: Container exited with exit code 134 during startup after 174.9s. Please inspect your container logs for more details., Details: Site is blocked due to multiple, consecutive cold start failures. Site scheduled to be unblocked at 08/01/2026 12:04:24, DetailsLevel: WARN
2026-08-01T12:04:19.6841582+00:00 ContainerStatus: Start site prohibitted because the site is being blocked.
2026-08-01T12:04:24.5659103+00:00 ContainerStatus: Site: intelliq-api is unblocked.
2026-08-01T12:04:25.0268252+00:00 ContainerStatus: State: Starting, Action: EstablishingSiteNetworks, LastError: ContainerStartupFailure, LastErrorTimestamp: 08/01/2026 12:03:23, LastErrorDetails: Container exited with exit code 134 during startup after 174.9s. Please inspect your container logs for more details., Details: Site is blocked due to multiple, consecutive cold start failures. Site scheduled to be unblocked at 08/01/2026 12:04:24, DetailsLevel: WARN
2026-08-01T12:04:27.8302478+00:00 ContainerStatus: State: Starting, Action: StartingSiteContainers, LastError: ContainerStartupFailure, LastErrorTimestamp: 08/01/2026 12:03:23, LastErrorDetails: Container exited with exit code 134 during startup after 174.9s. Please inspect your container logs for more details., Details: Site is blocked due to multiple, consecutive cold start failures. Site scheduled to be unblocked at 08/01/2026 12:04:24, DetailsLevel: WARN
2026-08-01T12:04:27.8303604+00:00 ContainerStatus: Container start method called.
2026-08-01T12:04:27.8304072+00:00 ContainerStatus: State: Starting, Action: PullingImage, LastError: ContainerStartupFailure, LastErrorTimestamp: 08/01/2026 12:03:23, LastErrorDetails: Container exited with exit code 134 during startup after 174.9s. Please inspect your container logs for more details., Details: Pulling image 10.1.0.5:13209/appsvc/dotnetcore:9.0_20260504.4.tuxprod for intelliq-api., DetailsLevel: INFO
2026-08-01T12:04:27.8304645+00:00 ContainerStatus: Establishing network.
2026-08-01T12:04:27.8305625+00:00 ContainerStatus: Pulling image: appsvc/dotnetcore:9.0_20260504.4.tuxprod.
2026-08-01T12:04:28.6577214+00:00 ContainerStatus: Container is starting.
2026-08-01T12:04:28.6578408+00:00 ContainerStatus: State: Starting, Action: MountingVolumes, LastError: ContainerStartupFailure, LastErrorTimestamp: 08/01/2026 12:03:23, LastErrorDetails: Container exited with exit code 134 during startup after 174.9s. Please inspect your container logs for more details., Details: Mounting volumes for intelliq-api., DetailsLevel: INFO
2026-08-01T12:04:28.6579387+00:00 ContainerStatus: Establishing user namespace if not established already.
2026-08-01T12:04:28.6580999+00:00 ContainerStatus: Establishing network if not established already.
2026-08-01T12:04:28.6581998+00:00 ContainerStatus: Mounting volumes.
2026-08-01T12:04:28.7040842+00:00 ContainerStatus: Nested mountpoint site/wwwroot
2026-08-01T12:04:28.7619817+00:00 ContainerStatus: Nested mountpoint volatile/logs
2026-08-01T12:04:28.8937719+00:00 ContainerStatus: Nested mountpoint 
2026-08-01T12:04:28.9513355+00:00 ContainerStatus: Nested mountpoint 
2026-08-01T12:04:29.5428123+00:00 ContainerStatus: Nested mountpoint 
2026-08-01T12:04:29.5435675+00:00 ContainerStatus: Nested mountpoint 
2026-08-01T12:04:29.8114716+00:00 ContainerStatus: Nested mountpoint 
2026-08-01T12:04:31.8951754+00:00 ContainerStatus: State: Starting, Action: CreatingContainer, LastError: ContainerStartupFailure, LastErrorTimestamp: 08/01/2026 12:03:23, LastErrorDetails: Container exited with exit code 134 during startup after 174.9s. Please inspect your container logs for more details., Details: Finished pulling container image and mounting volumes for intelliq-api. Allocatinng the rest of the container resources to finish container creation., DetailsLevel: INFO
2026-08-01T12:04:31.8953616+00:00 ContainerStatus: Creating container.
2026-08-01T12:04:31.8954453+00:00 ContainerStatus: Creating pipes for streaming container io.
2026-08-01T12:04:31.8955189+00:00 ContainerStatus: Creating stdout named pipe at /podr/container/pipe/86f9d3b97446_intelliq-api/stdout_687b475be67343bc98d881b504e9fd0e.
2026-08-01T12:04:31.9138676+00:00 ContainerStatus: Successfully created stdout named pipe at: /podr/container/pipe/86f9d3b97446_intelliq-api/stdout_687b475be67343bc98d881b504e9fd0e.
2026-08-01T12:04:31.9140451+00:00 ContainerStatus: Opening named pipe /podr/container/pipe/86f9d3b97446_intelliq-api/stdout_687b475be67343bc98d881b504e9fd0e for reading in non-blocking mode.
2026-08-01T12:04:31.9499790+00:00 ContainerStatus: Successfully opened named pipe: /podr/container/pipe/86f9d3b97446_intelliq-api/stdout_687b475be67343bc98d881b504e9fd0e.
2026-08-01T12:04:31.9501299+00:00 ContainerStatus: Successfully removed non-blocking flag from /podr/container/pipe/86f9d3b97446_intelliq-api/stdout_687b475be67343bc98d881b504e9fd0e.
2026-08-01T12:04:31.9861465+00:00 ContainerStatus: Creating stderr named pipe at /podr/container/pipe/86f9d3b97446_intelliq-api/stderr_238c6eec9f304738b7e5dab42f85b13c.
2026-08-01T12:04:31.9931020+00:00 ContainerStatus: Successfully created stderr named pipe at: /podr/container/pipe/86f9d3b97446_intelliq-api/stderr_238c6eec9f304738b7e5dab42f85b13c.
2026-08-01T12:04:31.9937483+00:00 ContainerStatus: Opening named pipe /podr/container/pipe/86f9d3b97446_intelliq-api/stderr_238c6eec9f304738b7e5dab42f85b13c for reading in non-blocking mode.
2026-08-01T12:04:31.9939258+00:00 ContainerStatus: Successfully opened named pipe: /podr/container/pipe/86f9d3b97446_intelliq-api/stderr_238c6eec9f304738b7e5dab42f85b13c.
2026-08-01T12:04:32.0116065+00:00 ContainerStatus: Successfully removed non-blocking flag from /podr/container/pipe/86f9d3b97446_intelliq-api/stderr_238c6eec9f304738b7e5dab42f85b13c.
2026-08-01T12:04:32.0143399+00:00 ContainerStatus: Creating container with image: appsvc/dotnetcore:9.0_20260504.4.tuxprod from registry: 10.1.0.5:13209 and fully qualified image name: 10.1.0.5:13209/appsvc/dotnetcore:9.0_20260504.4.tuxprod
2026-08-01T12:04:34.3281931+00:00 ContainerStatus: Starting container: 86f9d3b97446_intelliq-api.
2026-08-01T12:04:34.5003819+00:00 ContainerStatus: Starting watchers and probes.
2026-08-01T12:04:34.5023014+00:00 ContainerStatus: Starting metrics collection.
2026-08-01T12:04:34.5028360+00:00 ContainerStatus: Container is running.
2026-08-01T12:04:34.5029418+00:00 ContainerStatus: State: Starting, Action: CreatingContainer, LastError: ContainerStartupFailure, LastErrorTimestamp: 08/01/2026 12:03:23, LastErrorDetails: Container exited with exit code 134 during startup after 174.9s. Please inspect your container logs for more details., Details: Container intelliq-api successfully created and is running., DetailsLevel: INFO
2026-08-01T12:04:35.2663397+00:00 ContainerStatus: Container start method finished after 7435 ms.
2026-08-01T12:04:35.3149774+00:00 ContainerStatus: State: Starting, Action: InitiatingSiteWarmUpProbe, LastError: ContainerStartupFailure, LastErrorTimestamp: 08/01/2026 12:03:23, LastErrorDetails: Container exited with exit code 134 during startup after 174.9s. Please inspect your container logs for more details., Details: Container intelliq-api successfully created and is running., DetailsLevel: INFO
2026-08-01T12:04:35.3150454+00:00 ContainerStatus: State: Starting, Action: WaitingForSiteWarmUpProbeSuccess, LastError: ContainerStartupFailure, LastErrorTimestamp: 08/01/2026 12:03:23, LastErrorDetails: Container exited with exit code 134 during startup after 174.9s. Please inspect your container logs for more details., Details: Pinging warmup path to ensure container is ready to receive requests., DetailsLevel: INFO
2026-08-01T12:04:35.6774961+00:00 ContainerStream:    _____                               
2026-08-01T12:04:35.6775379+00:00 ContainerStream:   /  _  \ __________ _________   ____  
2026-08-01T12:04:35.6775412+00:00 ContainerStream:  /  /_\  \\___   /  |  \_  __ \_/ __ \ 
2026-08-01T12:04:35.6775433+00:00 ContainerStream: /    |    \/    /|  |  /|  | \/\  ___/ 
2026-08-01T12:04:35.6775454+00:00 ContainerStream: \____|__  /_____ \____/ |__|    \___  >
2026-08-01T12:04:35.6775478+00:00 ContainerStream:         \/      \/                  \/ 
2026-08-01T12:04:35.6775503+00:00 ContainerStream: A P P   S E R V I C E   O N   L I N U X
2026-08-01T12:04:35.6775991+00:00 ContainerStream: 
2026-08-01T12:04:35.6776095+00:00 ContainerStream: Documentation       : http://aka.ms/webapp-linux
2026-08-01T12:04:35.6776117+00:00 ContainerStream: Dotnet quickstart   : https://aka.ms/dotnet-qs
2026-08-01T12:04:35.6776139+00:00 ContainerStream: ASP .NETCore Version: 9.0.15
2026-08-01T12:04:35.6776160+00:00 ContainerStream: Instance Name       : lw1sdlwk0001E4
2026-08-01T12:04:35.6776186+00:00 ContainerStream: Instance Id         : 182350d73622b11ccdbe6e8c1485ddc261ae27ae445eca9fe52ac50e417c829d
2026-08-01T12:04:35.6776204+00:00 ContainerStream: 
2026-08-01T12:04:35.6776226+00:00 ContainerStream: Note: Any data outside '/home' is not persisted
2026-08-01T12:04:42.3132031+00:00 ContainerStream: Starting OpenBSD Secure Shell server: sshd.
2026-08-01T12:04:42.3490489+00:00 ContainerStream: WEBSITES_INCLUDE_CLOUD_CERTS is not set to true.
2026-08-01T12:04:42.4859398+00:00 ContainerStream: Updating certificates in /etc/ssl/certs...
2026-08-01T12:05:23.9806109+00:00 ContainerStream: rehash: warning: skipping duplicate certificate in azl_SSL.com_TLS_ECC_Root_CA_2022.pem
2026-08-01T12:05:23.9876892+00:00 ContainerStream: rehash: warning: skipping duplicate certificate in azl_SSL.com_TLS_RSA_Root_CA_2022.pem
2026-08-01T12:05:24.3266419+00:00 ContainerStream: rehash: warning: skipping ca-certificates.crt,it does not contain exactly one certificate or CRL
2026-08-01T12:05:24.4463404+00:00 ContainerStream: 4 added, 0 removed; done.
2026-08-01T12:05:24.4533194+00:00 ContainerStream: Running hooks in /etc/ca-certificates/update.d...
2026-08-01T12:05:24.4708608+00:00 ContainerStream: done.
2026-08-01T12:05:24.5024978+00:00 ContainerStream: CA certificates copied and updated successfully.
2026-08-01T12:05:25.5460858+00:00 ContainerStream: Starting periodic command scheduler: cron.
2026-08-01T12:05:25.6100089+00:00 ContainerStream: Running oryx create-script -appPath /home/site/wwwroot -output /opt/startup/startup.sh -defaultAppFilePath /defaulthome/hostingstart/hostingstart.dll     -bindPort 8080 -bindPort2 '' -userStartupCommand '' 
2026-08-01T12:05:26.1224186+00:00 ContainerStream: Could not find build manifest file at '/home/site/wwwroot/oryx-manifest.toml'
2026-08-01T12:05:26.1312940+00:00 ContainerStream: Could not find operation ID in manifest. Generating an operation id...
2026-08-01T12:05:26.1333003+00:00 ContainerStream: Build Operation ID: eaceba6e-6ef8-4b7b-bc2d-fe07bc728a05
2026-08-01T12:05:27.9844547+00:00 ContainerStream: 
2026-08-01T12:05:28.0109660+00:00 ContainerStream: Agent extension 
2026-08-01T12:05:28.0121083+00:00 ContainerStream: Before if loop >> DotNet Runtime 
2026-08-01T12:05:28.2558147+00:00 ContainerStream: DotNet Runtime 9.0Writing output script to '/opt/startup/startup.sh'
2026-08-01T12:05:28.4862629+00:00 ContainerStream: Trying to find the startup DLL name...
2026-08-01T12:05:28.4952190+00:00 ContainerStream: Found the startup D name: Smart_Queue.dll
2026-08-01T12:05:28.4962260+00:00 ContainerStream: Running the command: dotnet "Smart_Queue.dll"
2026-08-01T12:05:49.9180860+00:00 ContainerStream: warn: Microsoft.EntityFrameworkCore.Model.Validation[30000]
2026-08-01T12:05:49.9254113+00:00 ContainerStream:       No store type was specified for the decimal property 'Cost' on entity type 'Service'. This will cause values to be silently truncated if they do not fit in the default precision and scale. Explicitly specify the SQL server column type that can accommodate all the values in 'OnModelCreating' using 'HasColumnType', specify precision and scale using 'HasPrecision', or configure a value converter using 'HasConversion'.
2026-08-01T12:05:52.9186357+00:00 ContainerStream: Unhandled exception. System.IO.FileNotFoundException: Could not load file or assembly 'Microsoft.Data.SqlClient, Version=5.0.0.0, Culture=neutral, PublicKeyToken=23ec7fc2d6eaa4a5'. The system cannot find the file specified.
2026-08-01T12:05:52.9186711+00:00 ContainerStream: 
2026-08-01T12:05:52.9186748+00:00 ContainerStream: File name: 'Microsoft.Data.SqlClient, Version=5.0.0.0, Culture=neutral, PublicKeyToken=23ec7fc2d6eaa4a5'
2026-08-01T12:05:52.9186776+00:00 ContainerStream:    at Microsoft.EntityFrameworkCore.SqlServer.Storage.Internal.SqlServerDatabaseCreator.<>c__DisplayClass20_0.<<ExistsAsync>b__0>d.MoveNext()
2026-08-01T12:05:52.9186801+00:00 ContainerStream:    at System.Runtime.CompilerServices.AsyncMethodBuilderCore.Start[TStateMachine](TStateMachine& stateMachine)
2026-08-01T12:05:52.9186939+00:00 ContainerStream:    at Microsoft.EntityFrameworkCore.SqlServer.Storage.Internal.SqlServerDatabaseCreator.<>c__DisplayClass20_0.<ExistsAsync>b__0(DateTime giveUp, CancellationToken ct)
2026-08-01T12:05:52.9186972+00:00 ContainerStream:    at Microsoft.EntityFrameworkCore.ExecutionStrategyExtensions.<>c__DisplayClass13_0`2.<ExecuteAsync>b__0(DbContext _, TState s, CancellationToken ct)
2026-08-01T12:05:52.9187004+00:00 ContainerStream:    at Microsoft.EntityFrameworkCore.SqlServer.Storage.Internal.SqlServerExecutionStrategy.ExecuteAsync[TState,TResult](TState state, Func`4 operation, Func`4 verifySucceeded, CancellationToken cancellationToken)
2026-08-01T12:05:52.9187030+00:00 ContainerStream:    at Microsoft.EntityFrameworkCore.Migrations.Internal.Migrator.MigrateAsync(String targetMigration, CancellationToken cancellationToken)
2026-08-01T12:05:52.9187056+00:00 ContainerStream:    at Program.<Main>$(String[] args) in C:\Users\devic\source\repos\Major Project\backend\Smart_Queue\Program.cs:line 88
2026-08-01T12:05:52.9191892+00:00 ContainerStream:    at Program.<Main>(String[] args)
2026-08-01T12:06:08.3197156+00:00 ContainerStream: /opt/startup/startup.sh: line 20:  1863 Aborted                 (core dumped) dotnet "Smart_Queue.dll"
2026-08-01T12:06:09.6877122+00:00 ContainerStatus: Container has finished running with exit code: 134.
2026-08-01T12:06:09.6980110+00:00 ContainerStatus: Container is terminating. Grace period: 5 seconds.
2026-08-01T12:06:09.8013699+00:00 ContainerStatus: Stop and delete container. Retry count = 0
2026-08-01T12:06:09.8014672+00:00 ContainerStatus: Stopping container: 86f9d3b97446_intelliq-api.
2026-08-01T12:06:10.4326193+00:00 ContainerStatus: Deleting container: 86f9d3b97446_intelliq-api. Retry count = 0
2026-08-01T12:06:11.7668350+00:00 ContainerStatus: Container spec TerminationMessagePolicy  path 
2026-08-01T12:06:11.7676369+00:00 ContainerStatus: Container is terminated. Total time elapsed: 2068 ms.
2026-08-01T12:06:11.7678843+00:00 ContainerStatus: Site container: intelliq-api terminated during site startup.
2026-08-01T12:06:11.7699597+00:00 ContainerStatus: State: Stopping, Action: CancellingStartup, LastError: ContainerStartupFailure, LastErrorTimestamp: 08/01/2026 12:03:23, LastErrorDetails: Container exited with exit code 134 during startup after 174.9s. Please inspect your container logs for more details., Details: Site container: intelliq-api terminated during site startup. Cancelling site startup., DetailsLevel: ERR
2026-08-01T12:06:11.8619663+00:00 ContainerStatus: Site startup probe failed after 96.5087401 seconds.
2026-08-01T12:06:13.0418399+00:00 ContainerStatus: State: Stopping, Action: CancellingStartup, LastError: ContainerStartupFailure, LastErrorTimestamp: 08/01/2026 12:06:12, LastErrorDetails: Container exited with exit code 134 during startup after 97.3s. Please inspect your container logs for more details., Details: Site container: intelliq-api terminated during site startup. Cancelling site startup., DetailsLevel: ERR
2026-08-01T12:06:13.0910630+00:00 ContainerStatus: Failed to start site. Revert by stopping site.
2026-08-01T12:06:13.0912362+00:00 ContainerStatus: State: Stopping, Action: StoppingSite, LastError: ContainerStartupFailure, LastErrorTimestamp: 08/01/2026 12:06:12, LastErrorDetails: Container exited with exit code 134 during startup after 97.3s. Please inspect your container logs for more details., Details: Site container: intelliq-api terminated during site startup. Cancelling site startup., DetailsLevel: ERR
2026-08-01T12:06:13.1460376+00:00 ContainerStatus: State: Stopping, Action: StoppingSiteContainers, LastError: ContainerStartupFailure, LastErrorTimestamp: 08/01/2026 12:06:12, LastErrorDetails: Container exited with exit code 134 during startup after 97.3s. Please inspect your container logs for more details., Details: Site container: intelliq-api terminated during site startup. Cancelling site startup., DetailsLevel: ERR
2026-08-01T12:06:13.1461581+00:00 ContainerStatus: Site: intelliq-api stopped.
========== New Cold Start Attempt (2026-08-01T12:06:13.1842424+00:00) ==========
2026-08-01T12:06:13.1842424+00:00 ContainerStatus: State: Stopping, Action: UnmountingVolumes, LastError: ContainerStartupFailure, LastErrorTimestamp: 08/01/2026 12:06:12, LastErrorDetails: Container exited with exit code 134 during startup after 97.3s. Please inspect your container logs for more details., Details: Site container: intelliq-api terminated during site startup. Cancelling site startup., DetailsLevel: ERR
2026-08-01T12:06:14.5918545+00:00 ContainerStatus: State: Stopping, Action: StoppingSiteNetworks, LastError: ContainerStartupFailure, LastErrorTimestamp: 08/01/2026 12:06:12, LastErrorDetails: Container exited with exit code 134 during startup after 97.3s. Please inspect your container logs for more details., Details: Site container: intelliq-api terminated during site startup. Cancelling site startup., DetailsLevel: ERR
2026-08-01T12:06:15.8441921+00:00 ContainerStatus: Site: intelliq-api will be blocked for 1 minutes till 08/01/2026 12:07:15
2026-08-01T12:06:15.8443786+00:00 ContainerStatus: State: Blocked, Action: StoppingSiteNetworks, LastError: ContainerStartupFailure, LastErrorTimestamp: 08/01/2026 12:06:12, LastErrorDetails: Container exited with exit code 134 during startup after 97.3s. Please inspect your container logs for more details., Details: Site: intelliq-api will be blocked for 1 minutes till 08/01/2026 12:07:15, DetailsLevel: WARN
2026-08-01T12:06:15.9472305+00:00 ContainerStatus: State: Stopped, Action: None, LastError: ContainerStartupFailure, LastErrorTimestamp: 08/01/2026 12:06:12, LastErrorDetails: Container exited with exit code 134 during startup after 97.3s. Please inspect your container logs for more details., Details: Site stopped at 08/01/2026 12:06:15 (UTC), DetailsLevel: WARN
2026-08-01T12:06:16.8328622+00:00 ContainerStatus: State: Stopped, Action: None, LastError: ContainerStartupFailure, LastErrorTimestamp: 08/01/2026 12:06:12, LastErrorDetails: Container exited with exit code 134 during startup after 97.3s. Please inspect your container logs for more details., Details: Site stopped at 08/01/2026 12:06:15 (UTC), DetailsLevel: WARN
2026-08-01T12:06:22.0260645+00:00 ContainerStatus: State: Blocked, Action: None, LastError: ContainerStartupFailure, LastErrorTimestamp: 08/01/2026 12:06:12, LastErrorDetails: Container exited with exit code 134 during startup after 97.3s. Please inspect your container logs for more details., Details: Site is blocked due to multiple, consecutive cold start failures. Site scheduled to be unblocked at 08/01/2026 12:07:15, DetailsLevel: WARN
2026-08-01T12:06:22.0261103+00:00 ContainerStatus: Start site prohibitted because the site is being blocked.
2026-08-01T12:06:27.2271093+00:00 ContainerStatus: State: Blocked, Action: None, LastError: ContainerStartupFailure, LastErrorTimestamp: 08/01/2026 12:06:12, LastErrorDetails: Container exited with exit code 134 during startup after 97.3s. Please inspect your container logs for more details., Details: Site is blocked due to multiple, consecutive cold start failures. Site scheduled to be unblocked at 08/01/2026 12:07:15, DetailsLevel: WARN
2026-08-01T12:06:27.2271402+00:00 ContainerStatus: Start site prohibitted because the site is being blocked.
2026-08-01T12:06:32.5409203+00:00 ContainerStatus: State: Blocked, Action: None, LastError: ContainerStartupFailure, LastErrorTimestamp: 08/01/2026 12:06:12, LastErrorDetails: Container exited with exit code 134 during startup after 97.3s. Please inspect your container logs for more details., Details: Site is blocked due to multiple, consecutive cold start failures. Site scheduled to be unblocked at 08/01/2026 12:07:15, DetailsLevel: WARN
2026-08-01T12:06:32.5409543+00:00 ContainerStatus: Start site prohibitted because the site is being blocked.
2026-08-01T12:06:37.8830276+00:00 ContainerStatus: State: Blocked, Action: None, LastError: ContainerStartupFailure, LastErrorTimestamp: 08/01/2026 12:06:12, LastErrorDetails: Container exited with exit code 134 during startup after 97.3s. Please inspect your container logs for more details., Details: Site is blocked due to multiple, consecutive cold start failures. Site scheduled to be unblocked at 08/01/2026 12:07:15, DetailsLevel: WARN
2026-08-01T12:06:37.8844243+00:00 ContainerStatus: Start site prohibitted because the site is being blocked.
2026-08-01T12:06:43.3365148+00:00 ContainerStatus: State: Blocked, Action: None, LastError: ContainerStartupFailure, LastErrorTimestamp: 08/01/2026 12:06:12, LastErrorDetails: Container exited with exit code 134 during startup after 97.3s. Please inspect your container logs for more details., Details: Site is blocked due to multiple, consecutive cold start failures. Site scheduled to be unblocked at 08/01/2026 12:07:15, DetailsLevel: WARN
2026-08-01T12:06:43.3366540+00:00 ContainerStatus: Start site prohibitted because the site is being blocked.
2026-08-01T12:06:48.5212915+00:00 ContainerStatus: State: Blocked, Action: None, LastError: ContainerStartupFailure, LastErrorTimestamp: 08/01/2026 12:06:12, LastErrorDetails: Container exited with exit code 134 during startup after 97.3s. Please inspect your container logs for more details., Details: Site is blocked due to multiple, consecutive cold start failures. Site scheduled to be unblocked at 08/01/2026 12:07:15, DetailsLevel: WARN
2026-08-01T12:06:48.5214585+00:00 ContainerStatus: Start site prohibitted because the site is being blocked.
2026-08-01T12:06:53.7764172+00:00 ContainerStatus: State: Blocked, Action: None, LastError: ContainerStartupFailure, LastErrorTimestamp: 08/01/2026 12:06:12, LastErrorDetails: Container exited with exit code 134 during startup after 97.3s. Please inspect your container logs for more details., Details: Site is blocked due to multiple, consecutive cold start failures. Site scheduled to be unblocked at 08/01/2026 12:07:15, DetailsLevel: WARN
2026-08-01T12:06:53.7764874+00:00 ContainerStatus: Start site prohibitted because the site is being blocked.
2026-08-01T12:06:58.9724362+00:00 ContainerStatus: State: Blocked, Action: None, LastError: ContainerStartupFailure, LastErrorTimestamp: 08/01/2026 12:06:12, LastErrorDetails: Container exited with exit code 134 during startup after 97.3s. Please inspect your container logs for more details., Details: Site is blocked due to multiple, consecutive cold start failures. Site scheduled to be unblocked at 08/01/2026 12:07:15, DetailsLevel: WARN
2026-08-01T12:06:58.9725157+00:00 ContainerStatus: Start site prohibitted because the site is being blocked.
2026-08-01T12:07:04.2793287+00:00 ContainerStatus: State: Blocked, Action: None, LastError: ContainerStartupFailure, LastErrorTimestamp: 08/01/2026 12:06:12, LastErrorDetails: Container exited with exit code 134 during startup after 97.3s. Please inspect your container logs for more details., Details: Site is blocked due to multiple, consecutive cold start failures. Site scheduled to be unblocked at 08/01/2026 12:07:15, DetailsLevel: WARN
2026-08-01T12:07:04.2793620+00:00 ContainerStatus: Start site prohibitted because the site is being blocked.
2026-08-01T12:07:09.5641783+00:00 ContainerStatus: State: Blocked, Action: None, LastError: ContainerStartupFailure, LastErrorTimestamp: 08/01/2026 12:06:12, LastErrorDetails: Container exited with exit code 134 during startup after 97.3s. Please inspect your container logs for more details., Details: Site is blocked due to multiple, consecutive cold start failures. Site scheduled to be unblocked at 08/01/2026 12:07:15, DetailsLevel: WARN
2026-08-01T12:07:09.5642112+00:00 ContainerStatus: Start site prohibitted because the site is being blocked.
2026-08-01T12:07:14.8914598+00:00 ContainerStatus: State: Blocked, Action: None, LastError: ContainerStartupFailure, LastErrorTimestamp: 08/01/2026 12:06:12, LastErrorDetails: Container exited with exit code 134 during startup after 97.3s. Please inspect your container logs for more details., Details: Site is blocked due to multiple, consecutive cold start failures. Site scheduled to be unblocked at 08/01/2026 12:07:15, DetailsLevel: WARN
2026-08-01T12:07:14.8915418+00:00 ContainerStatus: Start site prohibitted because the site is being blocked.
2026-08-01T12:07:15.8589406+00:00 ContainerStatus: Site: intelliq-api is unblocked.
2026-08-01T12:07:16.8053984+00:00 ContainerStatus: State: Starting, Action: EstablishingSiteNetworks, LastError: ContainerStartupFailure, LastErrorTimestamp: 08/01/2026 12:06:12, LastErrorDetails: Container exited with exit code 134 during startup after 97.3s. Please inspect your container logs for more details., Details: Site is blocked due to multiple, consecutive cold start failures. Site scheduled to be unblocked at 08/01/2026 12:07:15, DetailsLevel: WARN
2026-08-01T12:07:20.6542256+00:00 ContainerStatus: State: Starting, Action: StartingSiteContainers, LastError: ContainerStartupFailure, LastErrorTimestamp: 08/01/2026 12:06:12, LastErrorDetails: Container exited with exit code 134 during startup after 97.3s. Please inspect your container logs for more details., Details: Site is blocked due to multiple, consecutive cold start failures. Site scheduled to be unblocked at 08/01/2026 12:07:15, DetailsLevel: WARN
2026-08-01T12:07:20.6543105+00:00 ContainerStatus: Container start method called.
2026-08-01T12:07:20.6543587+00:00 ContainerStatus: State: Starting, Action: PullingImage, LastError: ContainerStartupFailure, LastErrorTimestamp: 08/01/2026 12:06:12, LastErrorDetails: Container exited with exit code 134 during startup after 97.3s. Please inspect your container logs for more details., Details: Pulling image 10.1.0.5:13209/appsvc/dotnetcore:9.0_20260504.4.tuxprod for intelliq-api., DetailsLevel: INFO
2026-08-01T12:07:20.6544237+00:00 ContainerStatus: Establishing network.
2026-08-01T12:07:20.6545013+00:00 ContainerStatus: Pulling image: appsvc/dotnetcore:9.0_20260504.4.tuxprod.
2026-08-01T12:07:21.8252448+00:00 ContainerStatus: Container is starting.
2026-08-01T12:07:21.8253657+00:00 ContainerStatus: State: Starting, Action: MountingVolumes, LastError: ContainerStartupFailure, LastErrorTimestamp: 08/01/2026 12:06:12, LastErrorDetails: Container exited with exit code 134 during startup after 97.3s. Please inspect your container logs for more details., Details: Mounting volumes for intelliq-api., DetailsLevel: INFO
2026-08-01T12:07:21.8254375+00:00 ContainerStatus: Establishing user namespace if not established already.
2026-08-01T12:07:21.8254938+00:00 ContainerStatus: Establishing network if not established already.
2026-08-01T12:07:21.8265276+00:00 ContainerStatus: Mounting volumes.
2026-08-01T12:07:21.8266960+00:00 ContainerStatus: Nested mountpoint site/wwwroot
2026-08-01T12:07:21.8917173+00:00 ContainerStatus: Nested mountpoint volatile/logs
2026-08-01T12:07:22.0062643+00:00 ContainerStatus: Nested mountpoint 
2026-08-01T12:07:22.0068267+00:00 ContainerStatus: Nested mountpoint 
2026-08-01T12:07:22.0923067+00:00 ContainerStatus: Nested mountpoint 
2026-08-01T12:07:22.1210953+00:00 ContainerStatus: Nested mountpoint 
2026-08-01T12:07:22.4227752+00:00 ContainerStatus: Nested mountpoint 
2026-08-01T12:07:25.0735380+00:00 ContainerStatus: State: Starting, Action: CreatingContainer, LastError: ContainerStartupFailure, LastErrorTimestamp: 08/01/2026 12:06:12, LastErrorDetails: Container exited with exit code 134 during startup after 97.3s. Please inspect your container logs for more details., Details: Finished pulling container image and mounting volumes for intelliq-api. Allocatinng the rest of the container resources to finish container creation., DetailsLevel: INFO
2026-08-01T12:07:25.0737189+00:00 ContainerStatus: Creating container.
2026-08-01T12:07:25.0737918+00:00 ContainerStatus: Creating pipes for streaming container io.
2026-08-01T12:07:25.0738496+00:00 ContainerStatus: Creating stdout named pipe at /podr/container/pipe/b6776e56cc98_intelliq-api/stdout_4308ae9a61154b20a71925c89a152c8e.
2026-08-01T12:07:25.1088004+00:00 ContainerStatus: Successfully created stdout named pipe at: /podr/container/pipe/b6776e56cc98_intelliq-api/stdout_4308ae9a61154b20a71925c89a152c8e.
2026-08-01T12:07:25.1089050+00:00 ContainerStatus: Opening named pipe /podr/container/pipe/b6776e56cc98_intelliq-api/stdout_4308ae9a61154b20a71925c89a152c8e for reading in non-blocking mode.
2026-08-01T12:07:25.1089820+00:00 ContainerStatus: Successfully opened named pipe: /podr/container/pipe/b6776e56cc98_intelliq-api/stdout_4308ae9a61154b20a71925c89a152c8e.
2026-08-01T12:07:25.1090661+00:00 ContainerStatus: Successfully removed non-blocking flag from /podr/container/pipe/b6776e56cc98_intelliq-api/stdout_4308ae9a61154b20a71925c89a152c8e.
2026-08-01T12:07:25.1092085+00:00 ContainerStatus: Creating stderr named pipe at /podr/container/pipe/b6776e56cc98_intelliq-api/stderr_d5e61953ade449adafd2eda717844371.
2026-08-01T12:07:25.1093113+00:00 ContainerStatus: Successfully created stderr named pipe at: /podr/container/pipe/b6776e56cc98_intelliq-api/stderr_d5e61953ade449adafd2eda717844371.
2026-08-01T12:07:25.1093656+00:00 ContainerStatus: Opening named pipe /podr/container/pipe/b6776e56cc98_intelliq-api/stderr_d5e61953ade449adafd2eda717844371 for reading in non-blocking mode.
2026-08-01T12:07:25.1094386+00:00 ContainerStatus: Successfully opened named pipe: /podr/container/pipe/b6776e56cc98_intelliq-api/stderr_d5e61953ade449adafd2eda717844371.
2026-08-01T12:07:25.1094879+00:00 ContainerStatus: Successfully removed non-blocking flag from /podr/container/pipe/b6776e56cc98_intelliq-api/stderr_d5e61953ade449adafd2eda717844371.
2026-08-01T12:07:25.1110641+00:00 ContainerStatus: Creating container with image: appsvc/dotnetcore:9.0_20260504.4.tuxprod from registry: 10.1.0.5:13209 and fully qualified image name: 10.1.0.5:13209/appsvc/dotnetcore:9.0_20260504.4.tuxprod
2026-08-01T12:07:27.7783065+00:00 ContainerStatus: Starting container: b6776e56cc98_intelliq-api.
2026-08-01T12:07:28.0277002+00:00 ContainerStatus: Starting watchers and probes.
2026-08-01T12:07:28.0280394+00:00 ContainerStatus: Starting metrics collection.
2026-08-01T12:07:28.0285204+00:00 ContainerStatus: Container is running.
2026-08-01T12:07:28.0305679+00:00 ContainerStatus: State: Starting, Action: CreatingContainer, LastError: ContainerStartupFailure, LastErrorTimestamp: 08/01/2026 12:06:12, LastErrorDetails: Container exited with exit code 134 during startup after 97.3s. Please inspect your container logs for more details., Details: Container intelliq-api successfully created and is running., DetailsLevel: INFO
2026-08-01T12:07:28.4261558+00:00 ContainerStatus: Container start method finished after 7771 ms.
2026-08-01T12:07:28.4263279+00:00 ContainerStatus: State: Starting, Action: InitiatingSiteWarmUpProbe, LastError: ContainerStartupFailure, LastErrorTimestamp: 08/01/2026 12:06:12, LastErrorDetails: Container exited with exit code 134 during startup after 97.3s. Please inspect your container logs for more details., Details: Container intelliq-api successfully created and is running., DetailsLevel: INFO
2026-08-01T12:07:28.4263554+00:00 ContainerStatus: State: Starting, Action: WaitingForSiteWarmUpProbeSuccess, LastError: ContainerStartupFailure, LastErrorTimestamp: 08/01/2026 12:06:12, LastErrorDetails: Container exited with exit code 134 during startup after 97.3s. Please inspect your container logs for more details., Details: Pinging warmup path to ensure container is ready to receive requests., DetailsLevel: INFO
2026-08-01T12:07:29.4204756+00:00 ContainerStream:    _____                               
2026-08-01T12:07:29.4205492+00:00 ContainerStream:   /  _  \ __________ _________   ____  
2026-08-01T12:07:29.4205525+00:00 ContainerStream:  /  /_\  \\___   /  |  \_  __ \_/ __ \ 
2026-08-01T12:07:29.4205546+00:00 ContainerStream: /    |    \/    /|  |  /|  | \/\  ___/ 
2026-08-01T12:07:29.4205567+00:00 ContainerStream: \____|__  /_____ \____/ |__|    \___  >
2026-08-01T12:07:29.4205588+00:00 ContainerStream:         \/      \/                  \/ 
2026-08-01T12:07:29.4205610+00:00 ContainerStream: A P P   S E R V I C E   O N   L I N U X
2026-08-01T12:07:29.4205635+00:00 ContainerStream: 
2026-08-01T12:07:29.4205662+00:00 ContainerStream: Documentation       : http://aka.ms/webapp-linux
2026-08-01T12:07:29.4205684+00:00 ContainerStream: Dotnet quickstart   : https://aka.ms/dotnet-qs
2026-08-01T12:07:29.4205705+00:00 ContainerStream: ASP .NETCore Version: 9.0.15
2026-08-01T12:07:29.4205818+00:00 ContainerStream: Instance Name       : lw1sdlwk0001E4
2026-08-01T12:07:29.4205844+00:00 ContainerStream: Instance Id         : 182350d73622b11ccdbe6e8c1485ddc261ae27ae445eca9fe52ac50e417c829d
2026-08-01T12:07:29.4205863+00:00 ContainerStream: 
2026-08-01T12:07:29.4205885+00:00 ContainerStream: Note: Any data outside '/home' is not persisted
2026-08-01T12:07:42.2105956+00:00 ContainerStream: Starting OpenBSD Secure Shell server: sshd.
2026-08-01T12:07:42.2410429+00:00 ContainerStream: WEBSITES_INCLUDE_CLOUD_CERTS is not set to true.
2026-08-01T12:07:42.3641232+00:00 ContainerStream: Updating certificates in /etc/ssl/certs...
2026-08-01T12:08:22.7461484+00:00 ContainerStream: rehash: warning: skipping duplicate certificate in azl_SSL.com_TLS_ECC_Root_CA_2022.pem
2026-08-01T12:08:22.7483612+00:00 ContainerStream: rehash: warning: skipping duplicate certificate in azl_SSL.com_TLS_RSA_Root_CA_2022.pem
2026-08-01T12:08:23.1824812+00:00 ContainerStream: rehash: warning: skipping ca-certificates.crt,it does not contain exactly one certificate or CRL
2026-08-01T12:08:23.2541727+00:00 ContainerStream: 4 added, 0 removed; done.
2026-08-01T12:08:23.2548547+00:00 ContainerStream: Running hooks in /etc/ca-certificates/update.d...
2026-08-01T12:08:23.2835559+00:00 ContainerStream: done.
2026-08-01T12:08:23.3134521+00:00 ContainerStream: CA certificates copied and updated successfully.
2026-08-01T12:08:24.6708345+00:00 ContainerStream: Starting periodic command scheduler: cron.
2026-08-01T12:08:24.6897742+00:00 ContainerStream: Running oryx create-script -appPath /home/site/wwwroot -output /opt/startup/startup.sh -defaultAppFilePath /defaulthome/hostingstart/hostingstart.dll     -bindPort 8080 -bindPort2 '' -userStartupCommand '' 
2026-08-01T12:08:25.3142533+00:00 ContainerStream: Could not find build manifest file at '/home/site/wwwroot/oryx-manifest.toml'
2026-08-01T12:08:25.3153035+00:00 ContainerStream: Could not find operation ID in manifest. Generating an operation id...
2026-08-01T12:08:25.3517348+00:00 ContainerStream: Build Operation ID: c48bb473-744e-4eb1-8322-67d1f081d745
2026-08-01T12:08:27.0786135+00:00 ContainerStream: 
2026-08-01T12:08:27.0790938+00:00 ContainerStream: Agent extension 
2026-08-01T12:08:27.0829988+00:00 ContainerStream: Before if loop >> DotNet Runtime 
2026-08-01T12:08:27.3130267+00:00 ContainerStream: DotNet Runtime 9.0Writing output script to '/opt/startup/startup.sh'
2026-08-01T12:08:27.6224169+00:00 ContainerStream: Trying to find the startup DLL name...
2026-08-01T12:08:27.6233622+00:00 ContainerStream: Found the startup D name: Smart_Queue.dll
2026-08-01T12:08:27.6237228+00:00 ContainerStream: Running the command: dotnet "Smart_Queue.dll"
2026-08-01T12:08:44.6694630+00:00 ContainerStream: warn: Microsoft.EntityFrameworkCore.Model.Validation[30000]
2026-08-01T12:08:44.6699082+00:00 ContainerStream:       No store type was specified for the decimal property 'Cost' on entity type 'Service'. This will cause values to be silently truncated if they do not fit in the default precision and scale. Explicitly specify the SQL server column type that can accommodate all the values in 'OnModelCreating' using 'HasColumnType', specify precision and scale using 'HasPrecision', or configure a value converter using 'HasConversion'.
2026-08-01T12:08:46.4406844+00:00 ContainerStream: Unhandled exception. System.IO.FileNotFoundException: Could not load file or assembly 'Microsoft.Data.SqlClient, Version=5.0.0.0, Culture=neutral, PublicKeyToken=23ec7fc2d6eaa4a5'. The system cannot find the file specified.
2026-08-01T12:08:46.4407206+00:00 ContainerStream: 
2026-08-01T12:08:46.4407254+00:00 ContainerStream: File name: 'Microsoft.Data.SqlClient, Version=5.0.0.0, Culture=neutral, PublicKeyToken=23ec7fc2d6eaa4a5'
2026-08-01T12:08:46.4407285+00:00 ContainerStream:    at Microsoft.EntityFrameworkCore.SqlServer.Storage.Internal.SqlServerDatabaseCreator.<>c__DisplayClass20_0.<<ExistsAsync>b__0>d.MoveNext()
2026-08-01T12:08:46.4407319+00:00 ContainerStream:    at System.Runtime.CompilerServices.AsyncMethodBuilderCore.Start[TStateMachine](TStateMachine& stateMachine)
2026-08-01T12:08:46.4407396+00:00 ContainerStream:    at Microsoft.EntityFrameworkCore.SqlServer.Storage.Internal.SqlServerDatabaseCreator.<>c__DisplayClass20_0.<ExistsAsync>b__0(DateTime giveUp, CancellationToken ct)
2026-08-01T12:08:46.4407429+00:00 ContainerStream:    at Microsoft.EntityFrameworkCore.ExecutionStrategyExtensions.<>c__DisplayClass13_0`2.<ExecuteAsync>b__0(DbContext _, TState s, CancellationToken ct)
2026-08-01T12:08:46.4407461+00:00 ContainerStream:    at Microsoft.EntityFrameworkCore.SqlServer.Storage.Internal.SqlServerExecutionStrategy.ExecuteAsync[TState,TResult](TState state, Func`4 operation, Func`4 verifySucceeded, CancellationToken cancellationToken)
2026-08-01T12:08:46.4407488+00:00 ContainerStream:    at Microsoft.EntityFrameworkCore.Migrations.Internal.Migrator.MigrateAsync(String targetMigration, CancellationToken cancellationToken)
2026-08-01T12:08:46.4407515+00:00 ContainerStream:    at Program.<Main>$(String[] args) in C:\Users\devic\source\repos\Major Project\backend\Smart_Queue\Program.cs:line 88
2026-08-01T12:08:46.4502932+00:00 ContainerStream:    at Program.<Main>(String[] args)
2026-08-01T12:08:54.1013942+00:00 ContainerStream: /opt/startup/startup.sh: line 20:  1864 Aborted                 (core dumped) dotnet "Smart_Queue.dll"
2026-08-01T12:08:54.4942870+00:00 ContainerStatus: Container has finished running with exit code: 134.
2026-08-01T12:08:54.4948338+00:00 ContainerStatus: Container is terminating. Grace period: 5 seconds.
2026-08-01T12:08:54.5484153+00:00 ContainerStatus: Stop and delete container. Retry count = 0
2026-08-01T12:08:54.5488307+00:00 ContainerStatus: Stopping container: b6776e56cc98_intelliq-api.
2026-08-01T12:08:54.7624123+00:00 ContainerStatus: Deleting container: b6776e56cc98_intelliq-api. Retry count = 0
2026-08-01T12:08:55.2079626+00:00 ContainerStatus: Container spec TerminationMessagePolicy  path 
2026-08-01T12:08:55.2111729+00:00 ContainerStatus: Container is terminated. Total time elapsed: 716 ms.
2026-08-01T12:08:55.2112660+00:00 ContainerStatus: Site container: intelliq-api terminated during site startup.
2026-08-01T12:08:55.2555784+00:00 ContainerStatus: State: Stopping, Action: CancellingStartup, LastError: ContainerStartupFailure, LastErrorTimestamp: 08/01/2026 12:06:12, LastErrorDetails: Container exited with exit code 134 during startup after 97.3s. Please inspect your container logs for more details., Details: Site container: intelliq-api terminated during site startup. Cancelling site startup., DetailsLevel: ERR
2026-08-01T12:08:55.2859346+00:00 ContainerStatus: Site startup probe failed after 86.8468541 seconds.
2026-08-01T12:08:55.6238838+00:00 ContainerStatus: State: Stopping, Action: CancellingStartup, LastError: ContainerStartupFailure, LastErrorTimestamp: 08/01/2026 12:08:55, LastErrorDetails: Container exited with exit code 134 during startup after 87.2s. Please inspect your container logs for more details., Details: Site container: intelliq-api terminated during site startup. Cancelling site startup., DetailsLevel: ERR
2026-08-01T12:08:55.6647523+00:00 ContainerStatus: Failed to start site. Revert by stopping site.
2026-08-01T12:08:55.6720303+00:00 ContainerStatus: State: Stopping, Action: StoppingSite, LastError: ContainerStartupFailure, LastErrorTimestamp: 08/01/2026 12:08:55, LastErrorDetails: Container exited with exit code 134 during startup after 87.2s. Please inspect your container logs for more details., Details: Site container: intelliq-api terminated during site startup. Cancelling site startup., DetailsLevel: ERR
2026-08-01T12:08:55.6727153+00:00 ContainerStatus: State: Stopping, Action: StoppingSiteContainers, LastError: ContainerStartupFailure, LastErrorTimestamp: 08/01/2026 12:08:55, LastErrorDetails: Container exited with exit code 134 during startup after 87.2s. Please inspect your container logs for more details., Details: Site container: intelliq-api terminated during site startup. Cancelling site startup., DetailsLevel: ERR
2026-08-01T12:08:55.6727436+00:00 ContainerStatus: Site: intelliq-api stopped.
